Information: Propagating switching activity (low effort zero delay simulation). (PWR-6)
Warning: Design has unannotated primary inputs. (PWR-414)
Warning: Design has unannotated sequential cell outputs. (PWR-415)
 
****************************************
Report : power
        -analysis_effort low
Design : montgomery_multiplier
Version: K-2015.06
Date   : Thu Jan 13 11:19:06 2022
****************************************


Library(s) Used:

    NangateOpenCellLibrary (File: /home/dkits/FreePDK45/NangateOpenCellLibrary_PDKv1_3_v2010_12/Front_End/db/NLDM/NangateOpenCellLibrary_typical.db)


Operating Conditions: typical   Library: NangateOpenCellLibrary
Wire Load Model Mode: top

Design        Wire Load Model            Library
------------------------------------------------
montgomery_multiplier  5K_hvratio_1_1    NangateOpenCellLibrary


Global Operating Voltage = 1.1  
Power-specific unit information :
    Voltage Units = 1V
    Capacitance Units = 1.000000ff
    Time Units = 1ns
    Dynamic Power Units = 1uW    (derived from V,C,T units)
    Leakage Power Units = 1nW


  Cell Internal Power  =   1.4067 uW   (91%)
  Net Switching Power  = 147.4393 nW    (9%)
                         ---------
Total Dynamic Power    =   1.5541 uW  (100%)

Cell Leakage Power     =   3.7347 uW


                 Internal         Switching           Leakage            Total
Power Group      Power            Power               Power              Power   (   %    )  Attrs
--------------------------------------------------------------------------------------------------
io_pad             0.0000            0.0000            0.0000            0.0000  (   0.00%)
memory             0.0000            0.0000            0.0000            0.0000  (   0.00%)
black_box          0.0000            0.0000            0.0000            0.0000  (   0.00%)
clock_network      0.2531        2.4924e-02          182.1099            0.4602  (   8.70%)
register           1.0960        3.5618e-02        2.4164e+03            3.5479  (  67.08%)
sequential         0.0000            0.0000            0.0000            0.0000  (   0.00%)
combinational  5.7569e-02        8.6897e-02        1.1363e+03            1.2807  (  24.22%)
--------------------------------------------------------------------------------------------------
Total              1.4067 uW         0.1474 uW     3.7347e+03 nW         5.2888 uW
1
