 
****************************************
Report : timing
        -path full
        -delay min
        -nets
        -max_paths 1
        -transition_time
Design : montgomery_multiplier
Version: K-2015.06
Date   : Thu Jan 13 11:19:06 2022
****************************************

Operating Conditions: typical   Library: NangateOpenCellLibrary
Wire Load Model Mode: top

  Startpoint: b[0] (input port clocked by clock)
  Endpoint: bb_reg_0_ (rising edge-triggered flip-flop clocked by clock)
  Path Group: REGIN
  Path Type: min

  Des/Clust/Port     Wire Load Model       Library
  ------------------------------------------------
  montgomery_multiplier 5K_hvratio_1_1     NangateOpenCellLibrary

Attributes:
    d - dont_touch
    u - dont_use
   mo - map_only
   so - size_only
    i - ideal_net or ideal_network
  inf - infeasible path

  Point                        Fanout     Trans      Incr       Path      Attributes
  ------------------------------------------------------------------------------------------
  clock clock (rise edge)                            0.00       0.00
  clock network delay (ideal)                        0.10       0.10
  input external delay                               1.20       1.30 r
  b[0] (in)                                0.00      0.00       1.30 r
  b[0] (net)                     1                   0.00       1.30 r
  bb_reg_0_/D (DFFR_X1)                    0.00      0.01       1.31 r
  data arrival time                                             1.31

  clock clock (rise edge)                            0.00       0.00
  clock network delay (ideal)                        0.10       0.10
  clock uncertainty                                  0.10       0.20
  bb_reg_0_/CK (DFFR_X1)                             0.00       0.20 r
  library hold time                                  0.02       0.22
  data required time                                            0.22
  ------------------------------------------------------------------------------------------
  data required time                                            0.22
  data arrival time                                            -1.31
  ------------------------------------------------------------------------------------------
  slack (MET)                                                   1.09


  Startpoint: current_state_reg_1_
              (rising edge-triggered flip-flop clocked by clock)
  Endpoint: done (output port clocked by clock)
  Path Group: REGOUT
  Path Type: min

  Des/Clust/Port     Wire Load Model       Library
  ------------------------------------------------
  montgomery_multiplier 5K_hvratio_1_1     NangateOpenCellLibrary

Attributes:
    d - dont_touch
    u - dont_use
   mo - map_only
   so - size_only
    i - ideal_net or ideal_network
  inf - infeasible path

  Point                        Fanout     Trans      Incr       Path      Attributes
  ------------------------------------------------------------------------------------------
  clock clock (rise edge)                            0.00       0.00
  clock network delay (ideal)                        0.10       0.10
  current_state_reg_1_/CK (DFFR_X1)        0.10      0.00       0.10 r
  current_state_reg_1_/QN (DFFR_X1)        0.02      0.09       0.19 f
  done (net)                     4                   0.00       0.19 f
  done (out)                               0.02      0.00       0.20 f
  data arrival time                                             0.20

  clock clock (rise edge)                            0.00       0.00
  clock network delay (ideal)                        0.10       0.10
  clock uncertainty                                  0.10       0.20
  output external delay                             -1.20      -1.00
  data required time                                           -1.00
  ------------------------------------------------------------------------------------------
  data required time                                           -1.00
  data arrival time                                            -0.20
  ------------------------------------------------------------------------------------------
  slack (MET)                                                   1.20


  Startpoint: count_reg_3_
              (rising edge-triggered flip-flop clocked by clock)
  Endpoint: count_reg_3_
            (rising edge-triggered flip-flop clocked by clock)
  Path Group: clock
  Path Type: min

  Des/Clust/Port     Wire Load Model       Library
  ------------------------------------------------
  montgomery_multiplier 5K_hvratio_1_1     NangateOpenCellLibrary

Attributes:
    d - dont_touch
    u - dont_use
   mo - map_only
   so - size_only
    i - ideal_net or ideal_network
  inf - infeasible path

  Point                        Fanout     Trans      Incr       Path      Attributes
  ------------------------------------------------------------------------------------------
  clock clock (rise edge)                            0.00       0.00
  clock network delay (ideal)                        0.10       0.10
  count_reg_3_/CK (DFFR_X1)                0.10      0.00       0.10 r
  count_reg_3_/QN (DFFR_X1)                0.01      0.09       0.19 r
  n79 (net)                      2                   0.00       0.19 r
  U63/ZN (OAI22_X1)                        0.01      0.03       0.22 f
  n81 (net)                      1                   0.00       0.22 f
  count_reg_3_/D (DFFR_X1)                 0.01      0.01       0.23 f
  data arrival time                                             0.23

  clock clock (rise edge)                            0.00       0.00
  clock network delay (ideal)                        0.10       0.10
  clock uncertainty                                  0.10       0.20
  count_reg_3_/CK (DFFR_X1)                          0.00       0.20 r
  library hold time                                  0.01       0.21
  data required time                                            0.21
  ------------------------------------------------------------------------------------------
  data required time                                            0.21
  data arrival time                                            -0.23
  ------------------------------------------------------------------------------------------
  slack (MET)                                                   0.02


1
